00:00 +0: loading D:/Project/portofolio/test/widget_test.dart
flutter : 
lib/main.dart:23:8: 
Error: Dart library 
'dart:js' is not 
available on this 
platform.
At line:1 char:1
+ flutter test > 
test_output.txt 2>&1
+ ~~~~~~~~~~~~~~~~~~~
~~~~~~~~~~~~~~~~
    + CategoryInfo   
           : NotSpe  
  cified: (lib/mai   
 n.dart:2... this    
 platform.:Strin    
g) [], RemoteExc    
eption
    + FullyQualified 
   ErrorId : Native  
  CommandError
 
import 'dart:js' as 
js;
       ^
Context: The 
unavailable library 
'dart:js' is 
imported through 
these packages:

    /D:/Project/porto
folio/test/widget_tes
t.dart => 
package:project_test 
=> dart:js

Detailed import 
paths for (some of) 
the these imports:

    listener.dart => 
/D:/Project/portofoli
o/test/widget_test.da
rt => package:project
_test/main.dart => pa
ckage:project_test/wi
dget/ai_chat_panel.da
rt => dart:js
    listener.dart => 
/D:/Project/portofoli
o/test/widget_test.da
rt => package:project
_test/main.dart => pa
ckage:project_test/wi
dget/vrm_maid_view.da
rt => dart:js
    listener.dart => 
/D:/Project/portofoli
o/test/widget_test.da
rt => package:project
_test/main.dart => 
dart:js
    listener.dart => 
/D:/Project/portofoli
o/test/widget_test.da
rt => package:project
_test/main.dart => pa
ckage:project_test/wi
dget/chess_game.dart 
=> package:project_te
st/widget/vrm_maid_vi
ew.dart => dart:js

lib/main.dart:24:8: 
Error: Dart library 
'dart:js_util' is 
not available on 
this platform.
import 
'dart:js_util' as 
js_util;
       ^
Context: The 
unavailable library 
'dart:js_util' is 
imported through 
these packages:

    /D:/Project/porto
folio/test/widget_tes
t.dart => 
package:project_test 
=> dart:js_util

Detailed import 
paths for (some of) 
the these imports:

    listener.dart => 
/D:/Project/portofoli
o/test/widget_test.da
rt => package:project
_test/main.dart => pa
ckage:project_test/wi
dget/ai_chat_panel.da
rt => dart:js_util
    listener.dart => 
/D:/Project/portofoli
o/test/widget_test.da
rt => package:project
_test/main.dart => pa
ckage:project_test/wi
dget/ai_chat_panel.da
rt => package:project
_test/llm/llm_service
.dart => dart:js_util
    listener.dart => 
/D:/Project/portofoli
o/test/widget_test.da
rt => package:project
_test/main.dart => 
dart:js_util
    listener.dart => 
/D:/Project/portofoli
o/test/widget_test.da
rt => package:project
_test/main.dart => pa
ckage:project_test/ll
m/llm_service.dart 
=> dart:js_util

lib/model/resume_gene
rator.dart:5:8: 
Error: Dart library 
'dart:html' is not 
available on this 
platform.
import 'dart:html' 
as html;
       ^
Context: The 
unavailable library 
'dart:html' is 
imported through 
these packages:

    /D:/Project/porto
folio/test/widget_tes
t.dart => 
package:project_test 
=> dart:html

Detailed import 
paths for (some of) 
the these imports:

    listener.dart => 
/D:/Project/portofoli
o/test/widget_test.da
rt => package:project
_test/main.dart => pa
ckage:project_test/mo
del/resume_generator.
dart => dart:html
    listener.dart => 
/D:/Project/portofoli
o/test/widget_test.da
rt => package:project
_test/main.dart => pa
ckage:project_test/mo
del/certificate_card.
dart => dart:html
    listener.dart => 
/D:/Project/portofoli
o/test/widget_test.da
rt => package:project
_test/main.dart => pa
ckage:project_test/wi
dget/vrm_maid_view.da
rt => dart:html
    listener.dart => 
/D:/Project/portofoli
o/test/widget_test.da
rt => package:project
_test/main.dart => pa
ckage:project_test/wi
dget/chess_game.dart 
=> package:project_te
st/widget/vrm_maid_vi
ew.dart => dart:html
    listener.dart => 
/D:/Project/portofoli
o/test/widget_test.da
rt => package:project
_test/main.dart => pa
ckage:project_test/wi
dget/spotify_player.d
art => dart:html

lib/widget/vrm_maid_v
iew.dart:2:8: Error: 
Dart library 
'dart:ui_web' is not 
available on this 
platform.
import 'dart:ui_web' 
as ui;
       ^
Context: The 
unavailable library 
'dart:ui_web' is 
imported through 
these packages:

    /D:/Project/porto
folio/test/widget_tes
t.dart => 
package:project_test 
=> dart:ui_web

Detailed import 
paths for (some of) 
the these imports:

    listener.dart => 
/D:/Project/portofoli
o/test/widget_test.da
rt => package:project
_test/main.dart => pa
ckage:project_test/wi
dget/vrm_maid_view.da
rt => dart:ui_web
    listener.dart => 
/D:/Project/portofoli
o/test/widget_test.da
rt => package:project
_test/main.dart => pa
ckage:project_test/wi
dget/chess_game.dart 
=> package:project_te
st/widget/vrm_maid_vi
ew.dart => 
dart:ui_web
    listener.dart => 
/D:/Project/portofoli
o/test/widget_test.da
rt => package:project
_test/main.dart => pa
ckage:project_test/wi
dget/spotify_player.d
art => dart:ui_web

lib/widget/ai_chat_pa
nel.dart:3:8: Error: 
Dart library 
'dart:js' is not 
available on this 
platform.
import 'dart:js' as 
js;
       ^
lib/widget/vrm_maid_v
iew.dart:4:8: Error: 
Dart library 
'dart:js' is not 
available on this 
platform.
import 'dart:js' as 
js;
       ^
lib/widget/ai_chat_pa
nel.dart:4:8: Error: 
Dart library 
'dart:js_util' is 
not available on 
this platform.
import 
'dart:js_util' as 
js_util;
       ^
lib/llm/llm_service.d
art:1:8: Error: Dart 
library 
'dart:js_util' is 
not available on 
this platform.
import 
'dart:js_util' as js;
       ^
lib/model/certificate
_card.dart:4:8: 
Error: Dart library 
'dart:html' is not 
available on this 
platform.
import 'dart:html' 
as html;
       ^
lib/widget/vrm_maid_v
iew.dart:1:8: Error: 
Dart library 
'dart:html' is not 
available on this 
platform.
import 'dart:html' 
as html;
       ^
lib/widget/spotify_pl
ayer.dart:5:8: 
Error: Dart library 
'dart:html' is not 
available on this 
platform.
import 'dart:html' 
as html;
       ^
lib/widget/spotify_pl
ayer.dart:4:8: 
Error: Dart library 
'dart:ui_web' is not 
available on this 
platform.
import 'dart:ui_web' 
as ui_web;
       ^
lib/widget/vrm_maid_v
iew.dart:47:3: 
Error: Type 
'html.IFrameElement' 
not found.
  
html.IFrameElement? 
_iframe;
  ^^^^^^^^^^^^^^^^^^
lib/main.dart:125:20:
 Error: Undefined 
name 'context'.
    _cpuCores = js.co
ntext['navigator']['h
ardwareConcurrency'] 
?? 4;
                   
^^^^^^^
lib/main.dart:126:23:
 Error: Undefined 
name 'context'.
    final ramStr = js
.context['navigator']
['deviceMemory']?.toS
tring() ?? "8";
                     
 ^^^^^^^
lib/main.dart:257:20:
 Error: Undefined 
name 'context'.
      var obj = 
js.context;
                   
^^^^^^^
lib/main.dart:1255:27
: Error: Undefined 
name 'context'.
        var document 
= js.context['documen
t'];
                     
     ^^^^^^^
lib/main.dart:1256:30
: Error: Method not 
found: 'callMethod'.
        var iframe = 
js_util.callMethod(
                     
        ^^^^^^^^^^
lib/main.dart:1259:39
: Error: Method not 
found: 'getProperty'.
          var 
contentWindow = js_ut
il.getProperty(iframe
, 'contentWindow');
                     
                 
^^^^^^^^^^^
lib/main.dart:1263:23
: Error: Method not 
found: 'jsify'.
              
js_util.jsify({
                     
 ^^^^^
lib/main.dart:1262:21
: Error: Method not 
found: 'callMethod'.
            js_util.c
allMethod(contentWind
ow, 'postMessage', [
                    
^^^^^^^^^^
lib/model/resume_gene
rator.dart:406:23: 
Error: Method not 
found: 'Blob'.
    final blob = html
.Blob([pdfBytes], 
'application/pdf');
                     
 ^^^^
lib/model/resume_gene
rator.dart:407:22: 
Error: Undefined 
name 'Url'.
    final url = html.
Url.createObjectUrlFr
omBlob(blob);
                     
^^^
lib/model/resume_gene
rator.dart:408:25: 
Error: Method not 
found: 
'AnchorElement'.
    final anchor = 
html.AnchorElement()
                     
   ^^^^^^^^^^^^^
lib/model/resume_gene
rator.dart:412:10: 
Error: Undefined 
name 'document'.
    html.document.bod
y!.append(anchor);
         ^^^^^^^^
lib/model/resume_gene
rator.dart:415:10: 
Error: Undefined 
name 'Url'.
    html.Url.revokeOb
jectUrl(url);
         ^^^
lib/model/certificate
_card.dart:26:10: 
Error: Method not 
found: 
'AnchorElement'.
    html.AnchorElemen
t(href: imagePath)
         
^^^^^^^^^^^^^
lib/widget/ai_chat_pa
nel.dart:78:27: 
Error: Undefined 
name 'context'.
        var document 
= js.context['documen
t'];
                     
     ^^^^^^^
lib/widget/ai_chat_pa
nel.dart:79:30: 
Error: Method not 
found: 'callMethod'.
        var iframe = 
js_util.callMethod(
                     
        ^^^^^^^^^^
lib/widget/ai_chat_pa
nel.dart:82:39: 
Error: Method not 
found: 'getProperty'.
          var 
contentWindow = js_ut
il.getProperty(iframe
, 'contentWindow');
                     
                 
^^^^^^^^^^^
lib/widget/ai_chat_pa
nel.dart:94:26: 
Error: Method not 
found: 'jsify'.
                [js_u
til.jsify(messageData
), '*']);
                     
    ^^^^^
lib/widget/ai_chat_pa
nel.dart:93:21: 
Error: Method not 
found: 'callMethod'.
            js_util.c
allMethod(contentWind
ow, 'postMessage',
                    
^^^^^^^^^^
lib/widget/vrm_maid_v
iew.dart:47:8: 
Error: 
'IFrameElement' 
isn't a type.
  
html.IFrameElement? 
_iframe;
       ^^^^^^^^^^^^^
lib/widget/vrm_maid_v
iew.dart:60:29: 
Error: Method not 
found: 
'IFrameElement'.
        final iframe 
= 
html.IFrameElement()
                     
       ^^^^^^^^^^^^^
lib/widget/vrm_maid_v
iew.dart:57:8: 
Error: Undefined 
name 'platformViewReg
istry'.
    ui.platformViewRe
gistry.registerViewFa
ctory(
       
^^^^^^^^^^^^^^^^^^^^
lib/widget/vrm_maid_v
iew.dart:77:31: 
Error: 
'MessageEvent' isn't 
a type.
      final e = 
event as 
html.MessageEvent;
                     
         ^^^^^^^^^^^^
lib/widget/vrm_maid_v
iew.dart:76:48: 
Error: Method not 
found: 
'allowInterop'.
    html.window.addEv
entListener('message'
, js.allowInterop((ev
ent) {
                     
                     
     ^^^^^^^^^^^^
lib/widget/vrm_maid_v
iew.dart:76:10: 
Error: Undefined 
name 'window'.
    html.window.addEv
entListener('message'
, js.allowInterop((ev
ent) {
         ^^^^^^
lib/llm/llm_service.d
art:12:31: Error: 
Undefined name 
'globalThis'.
    while (!js.hasPro
perty(js.globalThis, 
'initLLM')) {
                     
         ^^^^^^^^^^
lib/llm/llm_service.d
art:12:16: Error: 
Method not found: 
'hasProperty'.
    while (!js.hasPro
perty(js.globalThis, 
'initLLM')) {
               
^^^^^^^^^^^
lib/llm/llm_service.d
art:18:12: Error: 
Method not found: 
'allowInterop'.
        
js.allowInterop((int 
p) => onProgress(p))
           
^^^^^^^^^^^^
lib/llm/llm_service.d
art:17:24: Error: 
Undefined name 
'globalThis'.
      js.callMethod(j
s.globalThis, 'setLLM
LoadingCallback', [
                     
  ^^^^^^^^^^
lib/llm/llm_service.d
art:17:10: Error: 
Method not found: 
'callMethod'.
      js.callMethod(j
s.globalThis, 'setLLM
LoadingCallback', [
         ^^^^^^^^^^
lib/llm/llm_service.d
art:23:24: Error: 
Undefined name 
'globalThis'.
      js.callMethod(j
s.globalThis, 
'initLLM', 
[resumeContext]),
                     
  ^^^^^^^^^^
lib/llm/llm_service.d
art:23:10: Error: 
Method not found: 
'callMethod'.
      js.callMethod(j
s.globalThis, 
'initLLM', 
[resumeContext]),
         ^^^^^^^^^^
lib/llm/llm_service.d
art:22:14: Error: 
Method not found: 
'promiseToFuture'.
    await 
js.promiseToFuture(
             
^^^^^^^^^^^^^^^
lib/llm/llm_service.d
art:34:24: Error: 
Undefined name 
'globalThis'.
      js.callMethod(j
s.globalThis, 
'askLLM', [prompt]),
                     
  ^^^^^^^^^^
lib/llm/llm_service.d
art:34:10: Error: 
Method not found: 
'callMethod'.
      js.callMethod(j
s.globalThis, 
'askLLM', [prompt]),
         ^^^^^^^^^^
lib/llm/llm_service.d
art:33:26: Error: 
Method not found: 
'promiseToFuture'.
    final res = 
await 
js.promiseToFuture(
                     
    ^^^^^^^^^^^^^^^
lib/widget/spotify_pl
ayer.dart:34:28: 
Error: Method not 
found: 
'IFrameElement'.
      (int viewId) 
=> 
html.IFrameElement()
                     
      ^^^^^^^^^^^^^
lib/widget/spotify_pl
ayer.dart:32:12: 
Error: Undefined 
name 'platformViewReg
istry'.
    ui_web.platformVi
ewRegistry.registerVi
ewFactory(
           
^^^^^^^^^^^^^^^^^^^^
00:00 +0 -1: loading D:/Project/portofolio/test/widget_test.dart [E]
  Failed to load "D:/Project/portofolio/test/widget_test.dart": Compilation failed for testPath=D:/Project/portofolio/test/widget_test.dart
00:00 +0 -1: Some tests failed.
